// Jest Snapshot v1, https://goo.gl/fbAQLP

exports[`patchCellSetsObject Patch with CLM elements replaces old CLM cell sets 1`] = `
Array [
  Object {
    "children": Array [],
    "key": "sample2",
    "name": "Sample 2",
    "type": "notCLM",
  },
  Object {
    "children": Array [],
    "key": "New",
    "name": "New CLM",
    "type": "CLM",
  },
]
`;

exports[`patchCellSetsObject Works correctly 1`] = `
Object {
  "Body": "{\\"cellSets\\":[{\\"key\\":\\"louvain\\",\\"name\\":\\"louvain clusters\\",\\"rootNode\\":true,\\"type\\":\\"cellSets\\",\\"children\\":[{\\"key\\":\\"louvain-0\\",\\"name\\":\\"Cluster 0\\",\\"rootNode\\":false,\\"type\\":\\"cellSets\\",\\"color\\":\\"#77aadd\\",\\"cellIds\\":[0,1,2,3]},{\\"key\\":\\"new-cluster-1\\",\\"name\\":\\"New Cluster 1\\",\\"rootNode\\":false,\\"color\\":\\"#3957ff\\",\\"type\\":\\"cellSets\\",\\"cellIds\\":[4,5,6]}]}]}",
  "Bucket": "cell-sets-test-000000000000",
  "Key": "mock-experiment-id",
}
`;
