// Jest Snapshot v1, https://goo.gl/fbAQLP

exports[`submitWorkEmbedding submits the work and the ETag / params are correct 1`] = `
Array [
  Array [
    Object {
      "body": Object {
        "downsampleSettings": Object {
          "groupedTracks": Array [
            "louvain",
            "sample",
          ],
          "hiddenCellSets": Array [],
          "selectedCellSet": "louvain",
          "selectedPoints": "All",
        },
        "nGenes": 5,
        "name": "MarkerHeatmap",
      },
      "cacheUniquenessKey": null,
      "experimentId": "6463cb35-3e08-4e94-a181-6d155a5ca570",
      "extraDependencies": Array [
        Object {
          "method": "louvain",
          "methodSettings": Object {
            "louvain": Object {
              "resolution": 0.8,
            },
          },
        },
        Array [
          Array [
            "louvain-0",
          ],
          Array [
            "louvain-0",
          ],
        ],
        1,
      ],
      "extras": undefined,
      "qcPipelineStartDate": "2016-03-22T04:00:00.000Z",
      "workerVersion": 4,
    },
  ],
]
`;
