// Jest Snapshot v1, https://goo.gl/fbAQLP

exports[`createSQLClient Fails if there is no writer endpoint available 1`] = `
Array [
  Object {
    "DBClusterIdentifier": "aurora-cluster-staging",
    "Filters": Array [
      Object {
        "Name": "db-cluster-endpoint-type",
        "Values": Array [
          "writer",
        ],
      },
      Object {
        "Name": "db-cluster-endpoint-status",
        "Values": Array [
          "available",
        ],
      },
    ],
  },
  [Function],
]
`;
