// Jest Snapshot v1, https://goo.gl/fbAQLP

exports[`pipelineErrorHandler Handles error correctly 1`] = `
Object {
  "apiUrl": "https://mock-sandbox-id.biomage.net",
  "experimentId": "mockExperimentId",
  "input": Object {
    "activityId": "pipeline-mock-activity-id",
    "authJWT": "Bearer mockBearerToken",
    "error": "TIMED_OUT",
    "experimentId": "mockExperimentId",
    "processName": "gem2s",
    "sandboxId": "mock-sandbox-id",
    "taskName": "pipelineError",
  },
  "status": Object {
    "gem2s": Object {
      "completedSteps": Array [],
      "startDate": null,
      "status": "SUCCEEDED",
      "stopDate": null,
    },
  },
  "taskName": "pipelineError",
  "type": "gem2s",
}
`;
