// Jest Snapshot v1, https://goo.gl/fbAQLP

exports[`tests for the projects service createProject creates entries in projects and samples correctly 1`] = `
Array [
  Object {
    "ExpressionAttributeValues": Object {
      ":emptySamples": Object {
        "M": Object {},
      },
      ":projectUuid": Object {
        "S": "project-1",
      },
    },
    "Key": Object {
      "experimentId": Object {
        "S": "experiment-1",
      },
    },
    "TableName": "samples-test",
    "UpdateExpression": "SET samples = :emptySamples, projectUuid = :projectUuid",
  },
]
`;

exports[`tests for the projects service createProject creates entries in projects and samples correctly 2`] = `
Array [
  Object {
    "ExpressionAttributeValues": Object {
      ":project": Object {
        "M": Object {
          "createdDate": Object {
            "S": "",
          },
          "description": Object {
            "S": "",
          },
          "experiments": Object {
            "L": Array [
              Object {
                "S": "experiment-1",
              },
            ],
          },
          "lastAnalyzed": Object {
            "NULL": true,
          },
          "lastModified": Object {
            "S": "",
          },
          "name": Object {
            "S": "Test project",
          },
          "samples": Object {
            "L": Array [],
          },
          "uuid": Object {
            "S": "project-1",
          },
        },
      },
    },
    "Key": Object {
      "projectUuid": Object {
        "S": "project-1",
      },
    },
    "TableName": "projects-test",
    "UpdateExpression": "SET projects = :project",
  },
]
`;
